{
  "status": "runtime_ready",
  "python": "3.12.14 (main, Sep  1 2026, 14:09:38) [Clang 22.1.3 ]",
  "architecture": "arm64",
  "packages": {
    "tensorflow": "2.18.1",
    "tensorflow-metal": "1.2.0",
    "keras": "3.15.1",
    "keras-hub": "0.21.1",
    "tensorflow-text": "2.18.1",
    "numpy": "2.0.2",
    "safetensors": "0.8.0"
  },
  "runtime": {
    "physical_gpus": [
      "PhysicalDevice(name='/physical_device:GPU:0', device_type='GPU')"
    ],
    "tensor_device": "/job:localhost/replica:0/task:0/device:GPU:0",
    "values": [
      [
        11.0,
        0.0
      ],
      [
        25.0,
        0.0
      ]
    ],
    "soft_device_placement": false
  }
}
2026-10-04 01:25:42.055111: I metal_plugin/src/device/metal_device.cc:1154] Metal device set to: Apple M2 Pro
2026-10-04 01:25:42.055178: I metal_plugin/src/device/metal_device.cc:296] systemMemory: 16.00 GB
2026-10-04 01:25:42.055186: I metal_plugin/src/device/metal_device.cc:313] maxCacheSize: 5.92 GB
WARNING: All log messages before absl::InitializeLog() is called are written to STDERR
I0000 00:00:1791091542.055768 99332759 pluggable_device_factory.cc:305] Could not identify NUMA node of platform GPU ID 0, defaulting to 0. Your kernel may not have been built with NUMA support.
I0000 00:00:1791091542.056044 99332759 pluggable_device_factory.cc:271] Created TensorFlow device (/job:localhost/replica:0/task:0/device:GPU:0 with 0 MB memory) -> physical PluggableDevice (device: 0, name: METAL, pci bus id: <undefined>)
