Using Python 3.12.14 environment at: Projects/paretoquant-metal/artifacts/tensorflow-metal-probe-py312
Resolved 52 packages in 726ms
Downloading keras (2.3MiB)
Downloading libclang (24.6MiB)
Downloading tensorflow-text (41.8MiB)
Downloading tensorflow (213.1MiB)
Downloading h5py (2.7MiB)
Downloading numpy (5.2MiB)
Downloading keras-hub (1.6MiB)
Downloading tensorflow-metal (1.3MiB)
 Downloaded tensorflow-metal
 Downloaded keras-hub
 Downloaded keras
 Downloaded h5py
 Downloaded numpy
 Downloaded libclang
 Downloaded tensorflow-text
 Downloaded tensorflow
Prepared 21 packages in 36.15s
Installed 52 packages in 262ms
 + absl-py==2.5.0
 + anyio==4.15.1
 + astunparse==1.6.3
 + certifi==2026.7.22
 + charset-normalizer==3.5.2
 + click==8.5.0
 + filelock==4.0.10
 + flatbuffers==25.12.19
 + fsspec==2026.9.0
 + gast==0.7.0
 + google-pasta==0.2.0
 + grpcio==1.84.0
 + h11==0.16.0
 + h5py==3.14.0
 + hf-xet==1.6.0
 + httpcore==1.0.9
 + httpx==0.28.1
 + huggingface-hub==1.33.0
 + idna==3.20
 + kagglehub==1.0.2
 + kagglesdk==0.1.28
 + keras==3.15.1
 + keras-hub==0.32.0
 + libclang==18.1.1
 + markdown-it-py==4.2.0
 + mdurl==0.1.2
 + ml-dtypes==0.6.0
 + namex==0.1.0
 + numpy==2.5.3
 + opt-einsum==3.4.0
 + optree==0.20.0
 + packaging==26.3
 + protobuf==7.36.2
 + pygments==2.21.0
 + pyyaml==6.0.3
 + regex==2026.9.29
 + requests==2.34.2
 + rich==15.0.0
 + safetensors==0.8.0
 + sentencepiece==0.2.2
 + setuptools==84.0.0
 + six==1.17.0
 + tensorflow==2.21.0
 + tensorflow-metal==1.2.0
 + tensorflow-text==2.21.1
 + termcolor==3.3.0
 + tokenizers==0.23.2
 + tqdm==4.70.1
 + typing-extensions==4.16.0
 + urllib3==2.8.0
 + wheel==0.48.0
 + wrapt==2.5.0
